# PHASE 1: Features (single deterministic run)
# started: 2026-04-27T19:50:33.216793

✓ Phase 0 loaded: Config, models, utilities ready
  OUTPUT_DIR: C:\Users\dd7726\MOLM\outputs
  FEATURE_TYPES: ['onehot', 'esm2', 'fusion_esm2']
  GPU: 1 available
============================================================
PHASE 1: Data Loading & Feature Preparation
============================================================

📂 Loading data from: C:\Users\dd7726\MOLM\data
  EMI: 4000, ISO: 126, IgG: 96
  Computing ESM-2 embeddings...
    Loading ESM-2 model (esm2_t6_8M_UR50D)...
    ESM-2 on: cuda
    Computing EMI (4000 seqs)...
      640/4000 sequences...
      1280/4000 sequences...
      1920/4000 sequences...
      2560/4000 sequences...
      3200/4000 sequences...
      3840/4000 sequences...
      ✓ Saved: C:\Users\dd7726\MOLM\outputs\phase1\esm2\emi_esm2.csv
    Computing ISO (126 seqs)...
      ✓ Saved: C:\Users\dd7726\MOLM\outputs\phase1\esm2\iso_esm2.csv
    Computing IGG (96 seqs)...
      ✓ Saved: C:\Users\dd7726\MOLM\outputs\phase1\esm2\igg_esm2.csv

🔧 Preparing features...
  EMI: onehot=(4000, 2300), unirep=(4000, 64), fusion=(4000, 2364), esm2=(4000, 320), fusion_esm2=(4000, 2620)
  ISO: onehot=(126, 2300), unirep=(126, 64), fusion=(126, 2364), esm2=(126, 320), fusion_esm2=(126, 2620)
  IGG: onehot=(96, 2300), unirep=(96, 64), fusion=(96, 2364), esm2=(96, 320), fusion_esm2=(96, 2620)
  ✓ Saved: C:\Users\dd7726\MOLM\outputs\phase1\features.pkl

✓ Phase 1 complete in 11s
