# SEED 789 | PHASE 5: phase5_generalization.py
# started: 2026-04-28T17:04:47.712254

✓ Phase 0 loaded: Config, models, utilities ready
  OUTPUT_DIR: C:\Users\dd7726\MOLM\outputs\seeds\seed_789
  FEATURE_TYPES: ['onehot', 'esm2', 'fusion_esm2']
  GPU: 1 available
============================================================
PHASE 5: Generalization & Pareto Front
============================================================
  ✓ Loaded: C:\Users\dd7726\MOLM\outputs\phase1\features.pkl
  ✓ Loaded: C:\Users\dd7726\MOLM\outputs\seeds\seed_789\phase2\baselines.pkl

🏋️  Final MOLM (OneHot)...
[17:04:54] 🔄 RNG Reset: seed=789 (Final MOLM OneHot)

  📈 Generalization (molm, OneHot)...
    ISO: Aff ρ=0.8610 (np.float64(0.8111821170440329), np.float64(0.8938579861403415)), Spec ρ=0.6540 (np.float64(0.5277530840458636), np.float64(0.754098827953832))
    IgG: Aff ρ=0.4700 (np.float64(0.15444157277570483), np.float64(0.7077853253843157)), Spec ρ=0.7213 (np.float64(0.5199554450834185), np.float64(0.8341253693077424))
  Final MOLM-ST (OneHot)...
[17:05:42] 🔄 RNG Reset: seed=1289 (MOLM-ST affinity)
[17:06:09] 🔄 RNG Reset: seed=1389 (MOLM-ST specificity)

  📈 Generalization (molm_st, OneHot)...
    ISO: Aff ρ=0.8584 (np.float64(0.8047129526900577), np.float64(0.892911543702677)), Spec ρ=0.6855 (np.float64(0.5709497889562898), np.float64(0.7766257767821912))
    IgG: Aff ρ=0.5178 (np.float64(0.24745535350896644), np.float64(0.7507844627113833)), Spec ρ=0.7825 (np.float64(0.6103286891707697), np.float64(0.8758849886058968))

🏋️  Final MOLM (ESM2)...
[17:06:38] 🔄 RNG Reset: seed=789 (Final MOLM ESM2)

  📈 Generalization (molm, ESM2)...
    ISO: Aff ρ=0.8690 (np.float64(0.8076312786622248), np.float64(0.9040064759588518)), Spec ρ=0.6255 (np.float64(0.4922394542098506), np.float64(0.7295494749114132))
    IgG: Aff ρ=0.6940 (np.float64(0.4843763923226014), np.float64(0.8433047076159108)), Spec ρ=0.6617 (np.float64(0.4459412169048604), np.float64(0.7943495578201261))
  Final MOLM-ST (ESM2)...
[17:07:19] 🔄 RNG Reset: seed=1289 (MOLM-ST affinity)
[17:07:40] 🔄 RNG Reset: seed=1389 (MOLM-ST specificity)

  📈 Generalization (molm_st, ESM2)...
    ISO: Aff ρ=0.8884 (np.float64(0.8445700280873774), np.float64(0.9165909885247859)), Spec ρ=0.6496 (np.float64(0.5217421643535091), np.float64(0.7488177854023303))
    IgG: Aff ρ=0.7288 (np.float64(0.5365246436770253), np.float64(0.8576047545306036)), Spec ρ=0.6823 (np.float64(0.4806542257751257), np.float64(0.8023291335401652))

🏋️  Final MOLM (Fusion-ESM2)...
[17:08:02] 🔄 RNG Reset: seed=789 (Final MOLM Fusion-ESM2)
  Ep  1/25 | Acc: 0.611/0.609 | Gap: +0.25/+0.22 | GradCos: +0.056
  Ep  5/25 | Acc: 0.882/0.880 | Gap: +1.62/+1.43 | GradCos: +0.071
  Ep 10/25 | Acc: 0.911/0.904 | Gap: +1.97/+1.75 | GradCos: -0.007
  Ep 15/25 | Acc: 0.917/0.915 | Gap: +2.03/+1.93 | GradCos: +0.074
  Ep 20/25 | Acc: 0.923/0.922 | Gap: +2.14/+1.99 | GradCos: +0.035
  Ep 25/25 | Acc: 0.926/0.925 | Gap: +2.19/+2.13 | GradCos: +0.031

  📈 Generalization (molm, Fusion-ESM2)...
    ISO: Aff ρ=0.8577 (np.float64(0.80405146523708), np.float64(0.8936954658299999)), Spec ρ=0.6533 (np.float64(0.5285476352674303), np.float64(0.7530747669465018))
    IgG: Aff ρ=0.3640 (np.float64(0.030492580395752714), np.float64(0.6447810726226441)), Spec ρ=0.6464 (np.float64(0.37643747796879046), np.float64(0.8133177565791296))
  Final MOLM-ST (Fusion-ESM2)...
[17:08:51] 🔄 RNG Reset: seed=1289 (MOLM-ST affinity)
[17:09:19] 🔄 RNG Reset: seed=1389 (MOLM-ST specificity)

  📈 Generalization (molm_st, Fusion-ESM2)...
    ISO: Aff ρ=0.8688 (np.float64(0.820416839129683), np.float64(0.9040358186511678)), Spec ρ=0.6642 (np.float64(0.5426989231000553), np.float64(0.7590110921136187))
    IgG: Aff ρ=0.5772 (np.float64(0.2851895837801573), np.float64(0.8084177028637181)), Spec ρ=0.6440 (np.float64(0.41611871122958727), np.float64(0.7859494978369415))

  📈 Generalization (lda, OneHot)...
    ISO: Aff ρ=0.8687 (np.float64(0.8271293946666547), np.float64(0.8991355490613436)), Spec ρ=0.6695 (np.float64(0.5424879515247928), np.float64(0.7638889465412145))
    IgG: Aff ρ=0.7191 (np.float64(0.5128155830800148), np.float64(0.8622631704478273)), Spec ρ=0.7695 (np.float64(0.5889046690115373), np.float64(0.8661393682460803))

  📈 Generalization (lda, ESM2)...
    ISO: Aff ρ=0.8405 (np.float64(0.7919767660997975), np.float64(0.8786404064196524)), Spec ρ=0.7184 (np.float64(0.6076375220837728), np.float64(0.7967926199754026))
    IgG: Aff ρ=0.6750 (np.float64(0.4203049347061134), np.float64(0.8422483121486795)), Spec ρ=0.6210 (np.float64(0.3700984968260419), np.float64(0.7990939358363901))

  📈 Generalization (lda, Fusion-ESM2)...
    ISO: Aff ρ=0.8384 (np.float64(0.7871122990731506), np.float64(0.8769823306291304)), Spec ρ=0.6922 (np.float64(0.5733495169011821), np.float64(0.7780374088813049))
    IgG: Aff ρ=0.6057 (np.float64(0.31963657299849924), np.float64(0.7929896536299949)), Spec ρ=0.5612 (np.float64(0.30857083303315924), np.float64(0.7595098907269855))

  📈 NN Generalization (OneHot)...

  📈 Generalization (nn, OneHot)...
    ISO: Aff ρ=0.8673 (np.float64(0.8192640944481656), np.float64(0.899046565063049)), Spec ρ=0.6988 (np.float64(0.5781432453461657), np.float64(0.7839716761466559))
    IgG: Aff ρ=0.6243 (np.float64(0.3437813369751817), np.float64(0.8456732777643725)), Spec ρ=0.7266 (np.float64(0.5062998755038921), np.float64(0.8550402328466963))

  📈 NN Generalization (ESM2)...

  📈 Generalization (nn, ESM2)...
    ISO: Aff ρ=0.8781 (np.float64(0.8294635272687093), np.float64(0.9086869080133598)), Spec ρ=0.6394 (np.float64(0.5144197097270642), np.float64(0.742248415245636))
    IgG: Aff ρ=0.7309 (np.float64(0.5388830332614751), np.float64(0.8660876096373359)), Spec ρ=0.6157 (np.float64(0.37981737376529556), np.float64(0.7788853175931584))

  📈 NN Generalization (Fusion-ESM2)...

  📈 Generalization (nn, Fusion-ESM2)...
    ISO: Aff ρ=0.8578 (np.float64(0.8115832298102438), np.float64(0.8925069477239705)), Spec ρ=0.6959 (np.float64(0.5785636315765478), np.float64(0.7816929722033247))
    IgG: Aff ρ=0.6791 (np.float64(0.5022136356000901), np.float64(0.7907033563136985)), Spec ρ=0.7172 (np.float64(0.5122932362702304), np.float64(0.839954009018407))

============================================================
PARETO FRONT ANALYSIS
  Score types: ['logits', 'probs', 'latent_pca']
  Pareto loss: OFF
============================================================
  ✓ PCA fit on EMI training latents (MOLM, n=4000)
  ✓ PCA fit on EMI training latents (MOLM-ST, n=4000)

  📊 Pareto (ISO, n=126): 15 true Pareto-optimal
    MOLM                          : 3 pred, 0 overlap (P=0.00, R=0.00)
    MOLM_probs                    : 3 pred, 0 overlap (P=0.00, R=0.00)
    MOLM_latent_pca               : 16 pred, 2 overlap (P=0.12, R=0.13)
    MOLM-ST                       : 4 pred, 1 overlap (P=0.25, R=0.07)
    MOLM-ST_probs                 : 4 pred, 1 overlap (P=0.25, R=0.07)
    MOLM-ST_latent_pca            : 13 pred, 4 overlap (P=0.31, R=0.27)
    LDA                           : 2 pred, 1 overlap (P=0.50, R=0.07)
    NN (OneHot)                   : 4 pred, 2 overlap (P=0.50, R=0.13)
    NN (Fusion-ESM2)              : 2 pred, 0 overlap (P=0.00, R=0.00)

  📊 Pareto (IgG, n=42): 5 true Pareto-optimal
    MOLM                          : 3 pred, 0 overlap (P=0.00, R=0.00)
    MOLM_probs                    : 3 pred, 0 overlap (P=0.00, R=0.00)
    MOLM_latent_pca               : 6 pred, 0 overlap (P=0.00, R=0.00)
    MOLM-ST                       : 4 pred, 0 overlap (P=0.00, R=0.00)
    MOLM-ST_probs                 : 4 pred, 0 overlap (P=0.00, R=0.00)
    MOLM-ST_latent_pca            : 5 pred, 0 overlap (P=0.00, R=0.00)
    LDA                           : 3 pred, 0 overlap (P=0.00, R=0.00)
    NN (OneHot)                   : 6 pred, 2 overlap (P=0.33, R=0.40)
    NN (Fusion-ESM2)              : 8 pred, 0 overlap (P=0.00, R=0.00)

============================================================
PARETO DIAGNOSTIC PLOTS
============================================================
  ✓ PCA (2D viz) fit on EMI training latents (n=4000)
  ✓ Saved: C:\Users\dd7726\MOLM\outputs\seeds\seed_789\phase5\pareto_diagnostics_iso.png
  ✓ Saved: C:\Users\dd7726\MOLM\outputs\seeds\seed_789\phase5\pareto_diagnostics_igg.png
  ✓ Saved: C:\Users\dd7726\MOLM\outputs\seeds\seed_789\phase5\pareto_molm_vs_st.png
  ✓ Saved: C:\Users\dd7726\MOLM\outputs\seeds\seed_789\phase5\generalization.pkl

=====================================================================================
GENERALIZATION GRID (Spearman ρ)
=====================================================================================
Model                             ISO Aff   ISO Spec    IgG Aff   IgG Spec
-------------------------------------------------------------------------------------
MOLM (OneHot)                      0.8610     0.6540     0.4700     0.7213
MOLM-ST (OneHot)                   0.8584     0.6855     0.5178     0.7825
MOLM (ESM2)                        0.8690     0.6255     0.6940     0.6617
MOLM-ST (ESM2)                     0.8884     0.6496     0.7288     0.6823
MOLM (Fusion-ESM2)                 0.8577     0.6533     0.3640     0.6464
MOLM-ST (Fusion-ESM2)              0.8688     0.6642     0.5772     0.6440
LDA (OneHot)                       0.8687     0.6695     0.7191     0.7695
LDA (ESM2)                         0.8405     0.7184     0.6750     0.6210
LDA (Fusion-ESM2)                  0.8384     0.6922     0.6057     0.5612
NN (OneHot)                        0.8673     0.6988     0.6243     0.7266
NN (ESM2)                          0.8781     0.6394     0.7309     0.6157
NN (Fusion-ESM2)                   0.8578     0.6959     0.6791     0.7172

✓ Phase 5 complete in 307s (5.1 min)
