# SEED 789 | PHASE 2: phase2_baselines.py
# started: 2026-04-28T00:35:00.531792

✓ Phase 0 loaded: Config, models, utilities ready
  OUTPUT_DIR: C:\Users\dd7726\MOLM\outputs\seeds\seed_789
  FEATURE_TYPES: ['onehot', 'esm2', 'fusion_esm2']
  GPU: 1 available
============================================================
PHASE 2: LDA + NN Baselines
============================================================
  ✓ Loaded: C:\Users\dd7726\MOLM\outputs\phase1\features.pkl

  LDA on OneHot (5-fold CV)...
    Aff: 0.9233±0.0056 MCC:0.842 AUC:0.9739
    Spec: 0.9205±0.0065 MCC:0.842 AUC:0.9747

  LDA on ESM2 (5-fold CV)...
    Aff: 0.9310±0.0063 MCC:0.855 AUC:0.9745
    Spec: 0.9300±0.0078 MCC:0.860 AUC:0.9763

  LDA on Fusion-ESM2 (5-fold CV)...
    Aff: 0.9283±0.0041 MCC:0.849 AUC:0.9715
    Spec: 0.9285±0.0079 MCC:0.857 AUC:0.9757

  NN on OneHot (2300D)...
[00:40:45] 🔄 RNG Reset: seed=789 (NN fold 0)
[00:40:59] 🔄 RNG Reset: seed=790 (NN fold 1)
[00:41:12] 🔄 RNG Reset: seed=791 (NN fold 2)
[00:41:25] 🔄 RNG Reset: seed=792 (NN fold 3)
[00:41:39] 🔄 RNG Reset: seed=793 (NN fold 4)
[00:41:51] 🔄 RNG Reset: seed=1788 (NN final)
[00:42:14] 🔄 RNG Reset: seed=789 (NN fold 0)
[00:42:28] 🔄 RNG Reset: seed=790 (NN fold 1)
[00:42:41] 🔄 RNG Reset: seed=791 (NN fold 2)
[00:42:55] 🔄 RNG Reset: seed=792 (NN fold 3)
[00:43:08] 🔄 RNG Reset: seed=793 (NN fold 4)
[00:43:21] 🔄 RNG Reset: seed=1788 (NN final)
    Aff: 0.9355±0.0032 MCC:0.863 AUC:0.9768
    Spec: 0.9305±0.0062 MCC:0.861 AUC:0.9769

  NN on ESM2 (320D)...
[00:43:45] 🔄 RNG Reset: seed=789 (NN fold 0)
[00:43:56] 🔄 RNG Reset: seed=790 (NN fold 1)
[00:44:05] 🔄 RNG Reset: seed=791 (NN fold 2)
[00:44:16] 🔄 RNG Reset: seed=792 (NN fold 3)
[00:44:26] 🔄 RNG Reset: seed=793 (NN fold 4)
[00:44:36] 🔄 RNG Reset: seed=1788 (NN final)
[00:44:49] 🔄 RNG Reset: seed=789 (NN fold 0)
[00:44:59] 🔄 RNG Reset: seed=790 (NN fold 1)
[00:45:09] 🔄 RNG Reset: seed=791 (NN fold 2)
[00:45:19] 🔄 RNG Reset: seed=792 (NN fold 3)
[00:45:30] 🔄 RNG Reset: seed=793 (NN fold 4)
[00:45:40] 🔄 RNG Reset: seed=1788 (NN final)
    Aff: 0.8867±0.0161 MCC:0.763 AUC:0.9518
    Spec: 0.9035±0.0054 MCC:0.808 AUC:0.9598

  NN on Fusion-ESM2 (2620D)...
[00:45:54] 🔄 RNG Reset: seed=789 (NN fold 0)
[00:46:08] 🔄 RNG Reset: seed=790 (NN fold 1)
[00:46:22] 🔄 RNG Reset: seed=791 (NN fold 2)
[00:46:35] 🔄 RNG Reset: seed=792 (NN fold 3)
[00:46:49] 🔄 RNG Reset: seed=793 (NN fold 4)
[00:47:03] 🔄 RNG Reset: seed=1788 (NN final)
[00:47:27] 🔄 RNG Reset: seed=789 (NN fold 0)
[00:47:42] 🔄 RNG Reset: seed=790 (NN fold 1)
[00:47:55] 🔄 RNG Reset: seed=791 (NN fold 2)
[00:48:09] 🔄 RNG Reset: seed=792 (NN fold 3)
[00:48:23] 🔄 RNG Reset: seed=793 (NN fold 4)
[00:48:37] 🔄 RNG Reset: seed=1788 (NN final)
    Aff: 0.9335±0.0037 MCC:0.860 AUC:0.9760
    Spec: 0.9315±0.0093 MCC:0.863 AUC:0.9773
  ✓ Saved: C:\Users\dd7726\MOLM\outputs\seeds\seed_789\phase2\baselines.pkl

=================================================================
Model                     Features               Aff       Spec
-----------------------------------------------------------------
LDA (OneHot)                              0.9233±0.0056 0.9205±0.0065
LDA (ESM2)                                0.9310±0.0063 0.9300±0.0078
LDA (Fusion-ESM2)                         0.9283±0.0041 0.9285±0.0079
NN                        OneHot          0.9355±0.0032 0.9305±0.0062
NN                        ESM2            0.8867±0.0161 0.9035±0.0054
NN                        Fusion-ESM2     0.9335±0.0037 0.9315±0.0093

✓ Phase 2 complete in 836s
