# SEED 42 | PHASE 3: phase3_molm_cv.py
# started: 2026-04-27T20:05:31.579639

✓ Phase 0 loaded: Config, models, utilities ready
  OUTPUT_DIR: C:\Users\dd7726\MOLM\outputs\seeds\seed_42
  FEATURE_TYPES: ['onehot', 'esm2', 'fusion_esm2']
  GPU: 1 available
============================================================
PHASE 3: MOLM + MOLM-ST Cross-Validation (Full Grid)
============================================================
  ✓ Loaded: C:\Users\dd7726\MOLM\outputs\phase1\features.pkl
[20:05:38] Planned work: 3 feature types, 45 training jobs, 5 folds, 25 epochs/job
[20:05:38] Feature 1/3 start: OneHot (X=(4000, 2300), aff_pos=1516/4000, spec_pos=2000/4000)

🔄 MOLM CV [OneHot] (5-fold)...
[20:05:38] Job 1/45 | MOLM OneHot fold 1/5 start (train=3200, val=800, dim=2300)
[20:05:38] 🔄 RNG Reset: seed=42 (MOLM CV OneHot fold 0)
[20:05:39] MOLM OneHot fold 1/5: training 25 epochs
  Ep  1/25 | Acc: 0.513/0.540 | Gap: +0.03/+0.07 | GradCos: +0.010
  Ep  5/25 | Acc: 0.877/0.888 | Gap: +1.06/+1.35 | GradCos: +0.007
  Ep 10/25 | Acc: 0.899/0.902 | Gap: +1.48/+1.58 | GradCos: +0.079
  Ep 15/25 | Acc: 0.920/0.915 | Gap: +1.72/+1.87 | GradCos: -0.001
  Ep 20/25 | Acc: 0.923/0.922 | Gap: +1.88/+1.99 | GradCos: +0.066
  Ep 25/25 | Acc: 0.931/0.925 | Gap: +2.05/+2.12 | GradCos: +0.042
[20:06:23] Saved diagnostics CSV: epoch_diag_fold_1_OneHot.csv
[20:06:23] Saved diagnostics figure: paper_diag_fold_1_OneHot.png
[20:06:23] MOLM OneHot fold 1/5: evaluating validation fold
    Aff: 0.9325 AUC:0.9742 MCC:0.858
    Spec: 0.9163 AUC:0.9734 MCC:0.833
[20:06:23] Job 1/45 | MOLM OneHot fold 1/5 done in 45s
[20:06:24] Job 2/45 | MOLM OneHot fold 2/5 start (train=3200, val=800, dim=2300)
[20:06:24] 🔄 RNG Reset: seed=43 (MOLM CV OneHot fold 1)
[20:06:24] MOLM OneHot fold 2/5: training 25 epochs
  Ep  1/25 | Acc: 0.547/0.601 | Gap: +0.14/+0.19 | GradCos: +0.052
  Ep  5/25 | Acc: 0.879/0.880 | Gap: +1.42/+1.33 | GradCos: +0.007
  Ep 10/25 | Acc: 0.899/0.900 | Gap: +1.83/+1.63 | GradCos: -0.046
  Ep 15/25 | Acc: 0.911/0.916 | Gap: +1.96/+1.85 | GradCos: +0.003
  Ep 20/25 | Acc: 0.923/0.924 | Gap: +2.06/+1.99 | GradCos: +0.031
  Ep 25/25 | Acc: 0.924/0.925 | Gap: +2.15/+2.15 | GradCos: -0.034
[20:07:04] Saved diagnostics CSV: epoch_diag_fold_2_OneHot.csv
[20:07:05] Saved diagnostics figure: paper_diag_fold_2_OneHot.png
[20:07:05] MOLM OneHot fold 2/5: evaluating validation fold
    Aff: 0.9350 AUC:0.9758 MCC:0.863
    Spec: 0.9163 AUC:0.9739 MCC:0.834
[20:07:05] Job 2/45 | MOLM OneHot fold 2/5 done in 42s
[20:07:05] Job 3/45 | MOLM OneHot fold 3/5 start (train=3200, val=800, dim=2300)
[20:07:06] 🔄 RNG Reset: seed=44 (MOLM CV OneHot fold 2)
[20:07:06] MOLM OneHot fold 3/5: training 25 epochs
  Ep  1/25 | Acc: 0.596/0.559 | Gap: +0.09/+0.14 | GradCos: +0.061
  Ep  5/25 | Acc: 0.860/0.877 | Gap: +1.35/+1.15 | GradCos: +0.003
  Ep 10/25 | Acc: 0.894/0.905 | Gap: +1.61/+1.58 | GradCos: +0.015
  Ep 15/25 | Acc: 0.907/0.911 | Gap: +1.88/+1.80 | GradCos: +0.039
  Ep 20/25 | Acc: 0.917/0.922 | Gap: +1.98/+2.01 | GradCos: +0.026
  Ep 25/25 | Acc: 0.927/0.926 | Gap: +2.05/+2.12 | GradCos: +0.042
[20:07:47] Saved diagnostics CSV: epoch_diag_fold_3_OneHot.csv
[20:07:48] Saved diagnostics figure: paper_diag_fold_3_OneHot.png
[20:07:48] MOLM OneHot fold 3/5: evaluating validation fold
    Aff: 0.9450 AUC:0.9801 MCC:0.883
    Spec: 0.9263 AUC:0.9801 MCC:0.854
[20:07:48] Job 3/45 | MOLM OneHot fold 3/5 done in 42s
[20:07:48] Job 4/45 | MOLM OneHot fold 4/5 start (train=3200, val=800, dim=2300)
[20:07:48] 🔄 RNG Reset: seed=45 (MOLM CV OneHot fold 3)
[20:07:48] MOLM OneHot fold 4/5: training 25 epochs
  Ep  1/25 | Acc: 0.485/0.554 | Gap: +0.04/+0.08 | GradCos: +0.044
  Ep  5/25 | Acc: 0.871/0.867 | Gap: +1.04/+1.22 | GradCos: +0.030
  Ep 10/25 | Acc: 0.912/0.899 | Gap: +1.54/+1.63 | GradCos: -0.003
  Ep 15/25 | Acc: 0.916/0.912 | Gap: +1.73/+1.82 | GradCos: +0.014
  Ep 20/25 | Acc: 0.919/0.919 | Gap: +1.86/+1.98 | GradCos: +0.008
  Ep 25/25 | Acc: 0.928/0.921 | Gap: +1.99/+2.10 | GradCos: +0.037
[20:08:32] Saved diagnostics CSV: epoch_diag_fold_4_OneHot.csv
[20:08:32] Saved diagnostics figure: paper_diag_fold_4_OneHot.png
[20:08:32] MOLM OneHot fold 4/5: evaluating validation fold
    Aff: 0.9175 AUC:0.9750 MCC:0.834
    Spec: 0.9275 AUC:0.9826 MCC:0.857
[20:08:32] Job 4/45 | MOLM OneHot fold 4/5 done in 44s
[20:08:32] Job 5/45 | MOLM OneHot fold 5/5 start (train=3200, val=800, dim=2300)
[20:08:33] 🔄 RNG Reset: seed=46 (MOLM CV OneHot fold 4)
[20:08:33] MOLM OneHot fold 5/5: training 25 epochs
  Ep  1/25 | Acc: 0.549/0.591 | Gap: +0.07/+0.15 | GradCos: +0.002
  Ep  5/25 | Acc: 0.874/0.873 | Gap: +1.39/+1.30 | GradCos: +0.040
  Ep 10/25 | Acc: 0.898/0.901 | Gap: +1.74/+1.58 | GradCos: +0.017
  Ep 15/25 | Acc: 0.911/0.911 | Gap: +1.94/+1.82 | GradCos: +0.056
  Ep 20/25 | Acc: 0.922/0.922 | Gap: +2.07/+1.94 | GradCos: +0.050
  Ep 25/25 | Acc: 0.925/0.930 | Gap: +2.10/+2.07 | GradCos: +0.049
[20:09:18] Saved diagnostics CSV: epoch_diag_fold_5_OneHot.csv
[20:09:18] Saved diagnostics figure: paper_diag_fold_5_OneHot.png
[20:09:18] MOLM OneHot fold 5/5: evaluating validation fold
    Aff: 0.9413 AUC:0.9772 MCC:0.875
    Spec: 0.9450 AUC:0.9825 MCC:0.891
[20:09:18] Job 5/45 | MOLM OneHot fold 5/5 done in 46s
  📊 Aff: 0.9342±0.0095 AUC:0.9765 MCC:0.863
  📊 Spec: 0.9263±0.0105 AUC:0.9785 MCC:0.854

🔄 MOLM-ST CV [OneHot] (5-fold)...
[20:09:19] Job 6/45 | MOLM-ST OneHot fold 1/5 affinity start (train=3200, val=800, dim=2300)
[20:09:19] 🔄 RNG Reset: seed=542 (MOLM-ST affinity)
  ST affinity Ep  1/25 | Loss: 0.3264
  ST affinity Ep  5/25 | Loss: 0.1176
  ST affinity Ep 10/25 | Loss: 0.0957
  ST affinity Ep 15/25 | Loss: 0.0843
  ST affinity Ep 20/25 | Loss: 0.0760
  ST affinity Ep 25/25 | Loss: 0.0733
[20:09:41] Job 6/45 | MOLM-ST OneHot fold 1/5 affinity done in 22s
[20:09:41] Job 7/45 | MOLM-ST OneHot fold 1/5 specificity start
[20:09:41] 🔄 RNG Reset: seed=642 (MOLM-ST specificity)
  ST specificity Ep  1/25 | Loss: 0.4160
  ST specificity Ep  5/25 | Loss: 0.1081
  ST specificity Ep 10/25 | Loss: 0.0822
  ST specificity Ep 15/25 | Loss: 0.0754
  ST specificity Ep 20/25 | Loss: 0.0678
  ST specificity Ep 25/25 | Loss: 0.0642
[20:10:02] Job 7/45 | MOLM-ST OneHot fold 1/5 specificity done in 21s
  Fold 1: Aff 0.9450 MCC:0.883 AUC:0.9764 | Spec 0.9213 MCC:0.843 AUC:0.9743
[20:10:02] Job 8/45 | MOLM-ST OneHot fold 2/5 affinity start (train=3200, val=800, dim=2300)
[20:10:02] 🔄 RNG Reset: seed=543 (MOLM-ST affinity)
  ST affinity Ep  1/25 | Loss: 0.3427
  ST affinity Ep  5/25 | Loss: 0.1132
  ST affinity Ep 10/25 | Loss: 0.0948
  ST affinity Ep 15/25 | Loss: 0.0844
  ST affinity Ep 20/25 | Loss: 0.0837
  ST affinity Ep 25/25 | Loss: 0.0730
[20:10:23] Job 8/45 | MOLM-ST OneHot fold 2/5 affinity done in 21s
[20:10:24] Job 9/45 | MOLM-ST OneHot fold 2/5 specificity start
[20:10:24] 🔄 RNG Reset: seed=643 (MOLM-ST specificity)
  ST specificity Ep  1/25 | Loss: 0.4387
  ST specificity Ep  5/25 | Loss: 0.1049
  ST specificity Ep 10/25 | Loss: 0.0835
  ST specificity Ep 15/25 | Loss: 0.0743
  ST specificity Ep 20/25 | Loss: 0.0741
  ST specificity Ep 25/25 | Loss: 0.0630
[20:10:45] Job 9/45 | MOLM-ST OneHot fold 2/5 specificity done in 21s
  Fold 2: Aff 0.9375 MCC:0.869 AUC:0.9760 | Spec 0.9275 MCC:0.855 AUC:0.9778
[20:10:45] Job 10/45 | MOLM-ST OneHot fold 3/5 affinity start (train=3200, val=800, dim=2300)
[20:10:45] 🔄 RNG Reset: seed=544 (MOLM-ST affinity)
  ST affinity Ep  1/25 | Loss: 0.3255
  ST affinity Ep  5/25 | Loss: 0.1046
  ST affinity Ep 10/25 | Loss: 0.0904
  ST affinity Ep 15/25 | Loss: 0.0845
  ST affinity Ep 20/25 | Loss: 0.0788
  ST affinity Ep 25/25 | Loss: 0.0749
[20:11:06] Job 10/45 | MOLM-ST OneHot fold 3/5 affinity done in 21s
[20:11:06] Job 11/45 | MOLM-ST OneHot fold 3/5 specificity start
[20:11:06] 🔄 RNG Reset: seed=644 (MOLM-ST specificity)
  ST specificity Ep  1/25 | Loss: 0.3757
  ST specificity Ep  5/25 | Loss: 0.1023
  ST specificity Ep 10/25 | Loss: 0.0870
  ST specificity Ep 15/25 | Loss: 0.0732
  ST specificity Ep 20/25 | Loss: 0.0724
  ST specificity Ep 25/25 | Loss: 0.0681
[20:11:28] Job 11/45 | MOLM-ST OneHot fold 3/5 specificity done in 22s
  Fold 3: Aff 0.9350 MCC:0.864 AUC:0.9796 | Spec 0.9300 MCC:0.860 AUC:0.9776
[20:11:28] Job 12/45 | MOLM-ST OneHot fold 4/5 affinity start (train=3200, val=800, dim=2300)
[20:11:29] 🔄 RNG Reset: seed=545 (MOLM-ST affinity)
  ST affinity Ep  1/25 | Loss: 0.3505
  ST affinity Ep  5/25 | Loss: 0.1110
  ST affinity Ep 10/25 | Loss: 0.0907
  ST affinity Ep 15/25 | Loss: 0.0839
  ST affinity Ep 20/25 | Loss: 0.0741
  ST affinity Ep 25/25 | Loss: 0.0719
[20:11:50] Job 12/45 | MOLM-ST OneHot fold 4/5 affinity done in 22s
[20:11:50] Job 13/45 | MOLM-ST OneHot fold 4/5 specificity start
[20:11:50] 🔄 RNG Reset: seed=645 (MOLM-ST specificity)
  ST specificity Ep  1/25 | Loss: 0.4046
  ST specificity Ep  5/25 | Loss: 0.1057
  ST specificity Ep 10/25 | Loss: 0.0841
  ST specificity Ep 15/25 | Loss: 0.0794
  ST specificity Ep 20/25 | Loss: 0.0685
  ST specificity Ep 25/25 | Loss: 0.0687
[20:12:12] Job 13/45 | MOLM-ST OneHot fold 4/5 specificity done in 22s
  Fold 4: Aff 0.9300 MCC:0.858 AUC:0.9768 | Spec 0.9425 MCC:0.885 AUC:0.9846
[20:12:12] Job 14/45 | MOLM-ST OneHot fold 5/5 affinity start (train=3200, val=800, dim=2300)
[20:12:12] 🔄 RNG Reset: seed=546 (MOLM-ST affinity)
  ST affinity Ep  1/25 | Loss: 0.2936
  ST affinity Ep  5/25 | Loss: 0.1098
  ST affinity Ep 10/25 | Loss: 0.0900
  ST affinity Ep 15/25 | Loss: 0.0858
  ST affinity Ep 20/25 | Loss: 0.0764
  ST affinity Ep 25/25 | Loss: 0.0753
[20:12:34] Job 14/45 | MOLM-ST OneHot fold 5/5 affinity done in 22s
[20:12:34] Job 15/45 | MOLM-ST OneHot fold 5/5 specificity start
[20:12:34] 🔄 RNG Reset: seed=646 (MOLM-ST specificity)
  ST specificity Ep  1/25 | Loss: 0.3935
  ST specificity Ep  5/25 | Loss: 0.1101
  ST specificity Ep 10/25 | Loss: 0.0896
  ST specificity Ep 15/25 | Loss: 0.0753
  ST specificity Ep 20/25 | Loss: 0.0741
  ST specificity Ep 25/25 | Loss: 0.0659
[20:12:56] Job 15/45 | MOLM-ST OneHot fold 5/5 specificity done in 22s
  Fold 5: Aff 0.9350 MCC:0.861 AUC:0.9816 | Spec 0.9487 MCC:0.898 AUC:0.9852
  📊 MOLM-ST [OneHot]: Aff 0.9365±0.0049 MCC:0.867 AUC:0.9781
                           Spec 0.9340±0.0101 MCC:0.868 AUC:0.9799
[20:12:56] Feature 1/3 done: OneHot in 7.3m
[20:12:56] Feature 2/3 start: ESM2 (X=(4000, 320), aff_pos=1516/4000, spec_pos=2000/4000)

🔄 MOLM CV [ESM2] (5-fold)...
[20:12:56] Job 16/45 | MOLM ESM2 fold 1/5 start (train=3200, val=800, dim=320)
[20:12:56] 🔄 RNG Reset: seed=42 (MOLM CV ESM2 fold 0)
[20:12:56] MOLM ESM2 fold 1/5: training 25 epochs
  Ep  1/25 | Acc: 0.510/0.494 | Gap: +0.01/+0.01 | GradCos: -0.018
  Ep  5/25 | Acc: 0.696/0.749 | Gap: +0.41/+0.51 | GradCos: +0.150
  Ep 10/25 | Acc: 0.810/0.868 | Gap: +0.99/+1.08 | GradCos: +0.073
  Ep 15/25 | Acc: 0.839/0.880 | Gap: +1.17/+1.30 | GradCos: +0.083
  Ep 20/25 | Acc: 0.851/0.894 | Gap: +1.30/+1.40 | GradCos: +0.082
  Ep 25/25 | Acc: 0.870/0.891 | Gap: +1.46/+1.41 | GradCos: +0.083
[20:13:33] Saved diagnostics CSV: epoch_diag_fold_1_ESM2.csv
[20:13:34] Saved diagnostics figure: paper_diag_fold_1_ESM2.png
[20:13:34] MOLM ESM2 fold 1/5: evaluating validation fold
    Aff: 0.8800 AUC:0.9527 MCC:0.762
    Spec: 0.8988 AUC:0.9642 MCC:0.799
[20:13:34] Job 16/45 | MOLM ESM2 fold 1/5 done in 38s
[20:13:34] Job 17/45 | MOLM ESM2 fold 2/5 start (train=3200, val=800, dim=320)
[20:13:34] 🔄 RNG Reset: seed=43 (MOLM CV ESM2 fold 1)
[20:13:34] MOLM ESM2 fold 2/5: training 25 epochs
  Ep  1/25 | Acc: 0.492/0.515 | Gap: -0.02/+0.02 | GradCos: -0.022
  Ep  5/25 | Acc: 0.687/0.780 | Gap: +0.31/+0.55 | GradCos: +0.136
  Ep 10/25 | Acc: 0.797/0.866 | Gap: +0.78/+1.07 | GradCos: +0.163
  Ep 15/25 | Acc: 0.830/0.879 | Gap: +0.99/+1.21 | GradCos: +0.107
  Ep 20/25 | Acc: 0.858/0.886 | Gap: +1.21/+1.31 | GradCos: +0.128
  Ep 25/25 | Acc: 0.873/0.890 | Gap: +1.38/+1.40 | GradCos: +0.035
[20:14:17] Saved diagnostics CSV: epoch_diag_fold_2_ESM2.csv
[20:14:18] Saved diagnostics figure: paper_diag_fold_2_ESM2.png
[20:14:18] MOLM ESM2 fold 2/5: evaluating validation fold
    Aff: 0.8975 AUC:0.9581 MCC:0.794
    Spec: 0.9062 AUC:0.9618 MCC:0.815
[20:14:18] Job 17/45 | MOLM ESM2 fold 2/5 done in 44s
[20:14:18] Job 18/45 | MOLM ESM2 fold 3/5 start (train=3200, val=800, dim=320)
[20:14:18] 🔄 RNG Reset: seed=44 (MOLM CV ESM2 fold 2)
[20:14:18] MOLM ESM2 fold 3/5: training 25 epochs
  Ep  1/25 | Acc: 0.517/0.499 | Gap: -0.01/-0.00 | GradCos: -0.003
  Ep  5/25 | Acc: 0.654/0.720 | Gap: +0.26/+0.34 | GradCos: +0.143
  Ep 10/25 | Acc: 0.803/0.858 | Gap: +0.82/+0.96 | GradCos: +0.144
  Ep 15/25 | Acc: 0.831/0.878 | Gap: +0.98/+1.20 | GradCos: +0.125
  Ep 20/25 | Acc: 0.848/0.890 | Gap: +1.13/+1.33 | GradCos: +0.070
  Ep 25/25 | Acc: 0.857/0.889 | Gap: +1.19/+1.34 | GradCos: +0.136
[20:14:58] Saved diagnostics CSV: epoch_diag_fold_3_ESM2.csv
[20:14:58] Saved diagnostics figure: paper_diag_fold_3_ESM2.png
[20:14:58] MOLM ESM2 fold 3/5: evaluating validation fold
    Aff: 0.8850 AUC:0.9544 MCC:0.755
    Spec: 0.9050 AUC:0.9593 MCC:0.811
[20:14:58] Job 18/45 | MOLM ESM2 fold 3/5 done in 41s
[20:14:59] Job 19/45 | MOLM ESM2 fold 4/5 start (train=3200, val=800, dim=320)
[20:14:59] 🔄 RNG Reset: seed=45 (MOLM CV ESM2 fold 3)
[20:14:59] MOLM ESM2 fold 4/5: training 25 epochs
  Ep  1/25 | Acc: 0.488/0.515 | Gap: +0.00/+0.01 | GradCos: +0.027
  Ep  5/25 | Acc: 0.695/0.751 | Gap: +0.36/+0.48 | GradCos: +0.122
  Ep 10/25 | Acc: 0.819/0.870 | Gap: +0.90/+1.02 | GradCos: +0.092
  Ep 15/25 | Acc: 0.837/0.867 | Gap: +1.08/+1.13 | GradCos: +0.179
  Ep 20/25 | Acc: 0.855/0.889 | Gap: +1.23/+1.26 | GradCos: +0.061
  Ep 25/25 | Acc: 0.865/0.887 | Gap: +1.34/+1.34 | GradCos: +0.151
[20:15:40] Saved diagnostics CSV: epoch_diag_fold_4_ESM2.csv
[20:15:40] Saved diagnostics figure: paper_diag_fold_4_ESM2.png
[20:15:40] MOLM ESM2 fold 4/5: evaluating validation fold
    Aff: 0.8838 AUC:0.9508 MCC:0.764
    Spec: 0.9087 AUC:0.9626 MCC:0.818
[20:15:40] Job 19/45 | MOLM ESM2 fold 4/5 done in 42s
[20:15:40] Job 20/45 | MOLM ESM2 fold 5/5 start (train=3200, val=800, dim=320)
[20:15:40] 🔄 RNG Reset: seed=46 (MOLM CV ESM2 fold 4)
[20:15:40] MOLM ESM2 fold 5/5: training 25 epochs
  Ep  1/25 | Acc: 0.497/0.518 | Gap: +0.00/+0.05 | GradCos: -0.014
  Ep  5/25 | Acc: 0.715/0.779 | Gap: +0.42/+0.64 | GradCos: +0.142
  Ep 10/25 | Acc: 0.791/0.859 | Gap: +0.83/+1.16 | GradCos: +0.151
  Ep 15/25 | Acc: 0.827/0.874 | Gap: +1.06/+1.36 | GradCos: +0.056
  Ep 20/25 | Acc: 0.830/0.880 | Gap: +1.16/+1.38 | GradCos: +0.133
  Ep 25/25 | Acc: 0.840/0.885 | Gap: +1.24/+1.56 | GradCos: +0.142
[20:16:23] Saved diagnostics CSV: epoch_diag_fold_5_ESM2.csv
[20:16:23] Saved diagnostics figure: paper_diag_fold_5_ESM2.png
[20:16:23] MOLM ESM2 fold 5/5: evaluating validation fold
    Aff: 0.8812 AUC:0.9466 MCC:0.747
    Spec: 0.9050 AUC:0.9653 MCC:0.810
[20:16:23] Job 20/45 | MOLM ESM2 fold 5/5 done in 43s
  📊 Aff: 0.8855±0.0063 AUC:0.9525 MCC:0.764
  📊 Spec: 0.9047±0.0033 AUC:0.9626 MCC:0.811

🔄 MOLM-ST CV [ESM2] (5-fold)...
[20:16:23] Job 21/45 | MOLM-ST ESM2 fold 1/5 affinity start (train=3200, val=800, dim=320)
[20:16:23] 🔄 RNG Reset: seed=542 (MOLM-ST affinity)
  ST affinity Ep  1/25 | Loss: 0.3887
  ST affinity Ep  5/25 | Loss: 0.2434
  ST affinity Ep 10/25 | Loss: 0.1730
  ST affinity Ep 15/25 | Loss: 0.1404
  ST affinity Ep 20/25 | Loss: 0.1266
  ST affinity Ep 25/25 | Loss: 0.1294
[20:16:39] Job 21/45 | MOLM-ST ESM2 fold 1/5 affinity done in 16s
[20:16:39] Job 22/45 | MOLM-ST ESM2 fold 1/5 specificity start
[20:16:39] 🔄 RNG Reset: seed=642 (MOLM-ST specificity)
  ST specificity Ep  1/25 | Loss: 0.5053
  ST specificity Ep  5/25 | Loss: 0.2352
  ST specificity Ep 10/25 | Loss: 0.1367
  ST specificity Ep 15/25 | Loss: 0.1194
  ST specificity Ep 20/25 | Loss: 0.1112
  ST specificity Ep 25/25 | Loss: 0.1073
[20:16:55] Job 22/45 | MOLM-ST ESM2 fold 1/5 specificity done in 16s
  Fold 1: Aff 0.8812 MCC:0.756 AUC:0.9519 | Spec 0.8838 MCC:0.772 AUC:0.9634
[20:16:55] Job 23/45 | MOLM-ST ESM2 fold 2/5 affinity start (train=3200, val=800, dim=320)
[20:16:55] 🔄 RNG Reset: seed=543 (MOLM-ST affinity)
  ST affinity Ep  1/25 | Loss: 0.3650
  ST affinity Ep  5/25 | Loss: 0.2474
  ST affinity Ep 10/25 | Loss: 0.1800
  ST affinity Ep 15/25 | Loss: 0.1479
  ST affinity Ep 20/25 | Loss: 0.1330
  ST affinity Ep 25/25 | Loss: 0.1202
[20:17:14] Job 23/45 | MOLM-ST ESM2 fold 2/5 affinity done in 19s
[20:17:14] Job 24/45 | MOLM-ST ESM2 fold 2/5 specificity start
[20:17:14] 🔄 RNG Reset: seed=643 (MOLM-ST specificity)
  ST specificity Ep  1/25 | Loss: 0.5313
  ST specificity Ep  5/25 | Loss: 0.2194
  ST specificity Ep 10/25 | Loss: 0.1365
  ST specificity Ep 15/25 | Loss: 0.1167
  ST specificity Ep 20/25 | Loss: 0.1151
  ST specificity Ep 25/25 | Loss: 0.1071
[20:17:33] Job 24/45 | MOLM-ST ESM2 fold 2/5 specificity done in 19s
  Fold 2: Aff 0.8900 MCC:0.779 AUC:0.9590 | Spec 0.9087 MCC:0.818 AUC:0.9650
[20:17:33] Job 25/45 | MOLM-ST ESM2 fold 3/5 affinity start (train=3200, val=800, dim=320)
[20:17:33] 🔄 RNG Reset: seed=544 (MOLM-ST affinity)
  ST affinity Ep  1/25 | Loss: 0.4206
  ST affinity Ep  5/25 | Loss: 0.2594
  ST affinity Ep 10/25 | Loss: 0.1723
  ST affinity Ep 15/25 | Loss: 0.1446
  ST affinity Ep 20/25 | Loss: 0.1284
  ST affinity Ep 25/25 | Loss: 0.1214
[20:17:51] Job 25/45 | MOLM-ST ESM2 fold 3/5 affinity done in 19s
[20:17:52] Job 26/45 | MOLM-ST ESM2 fold 3/5 specificity start
[20:17:52] 🔄 RNG Reset: seed=644 (MOLM-ST specificity)
  ST specificity Ep  1/25 | Loss: 0.4925
  ST specificity Ep  5/25 | Loss: 0.1897
  ST specificity Ep 10/25 | Loss: 0.1248
  ST specificity Ep 15/25 | Loss: 0.1117
  ST specificity Ep 20/25 | Loss: 0.1072
  ST specificity Ep 25/25 | Loss: 0.1012
[20:18:09] Job 26/45 | MOLM-ST ESM2 fold 3/5 specificity done in 17s
  Fold 3: Aff 0.8938 MCC:0.780 AUC:0.9655 | Spec 0.9025 MCC:0.807 AUC:0.9599
[20:18:09] Job 27/45 | MOLM-ST ESM2 fold 4/5 affinity start (train=3200, val=800, dim=320)
[20:18:09] 🔄 RNG Reset: seed=545 (MOLM-ST affinity)
  ST affinity Ep  1/25 | Loss: 0.3814
  ST affinity Ep  5/25 | Loss: 0.2414
  ST affinity Ep 10/25 | Loss: 0.1711
  ST affinity Ep 15/25 | Loss: 0.1421
  ST affinity Ep 20/25 | Loss: 0.1306
  ST affinity Ep 25/25 | Loss: 0.1234
[20:18:28] Job 27/45 | MOLM-ST ESM2 fold 4/5 affinity done in 19s
[20:18:28] Job 28/45 | MOLM-ST ESM2 fold 4/5 specificity start
[20:18:28] 🔄 RNG Reset: seed=645 (MOLM-ST specificity)
  ST specificity Ep  1/25 | Loss: 0.5250
  ST specificity Ep  5/25 | Loss: 0.2405
  ST specificity Ep 10/25 | Loss: 0.1326
  ST specificity Ep 15/25 | Loss: 0.1123
  ST specificity Ep 20/25 | Loss: 0.1105
  ST specificity Ep 25/25 | Loss: 0.1114
[20:18:47] Job 28/45 | MOLM-ST ESM2 fold 4/5 specificity done in 19s
  Fold 4: Aff 0.8912 MCC:0.784 AUC:0.9548 | Spec 0.9100 MCC:0.820 AUC:0.9616
[20:18:47] Job 29/45 | MOLM-ST ESM2 fold 5/5 affinity start (train=3200, val=800, dim=320)
[20:18:47] 🔄 RNG Reset: seed=546 (MOLM-ST affinity)
  ST affinity Ep  1/25 | Loss: 0.3911
  ST affinity Ep  5/25 | Loss: 0.2682
  ST affinity Ep 10/25 | Loss: 0.1726
  ST affinity Ep 15/25 | Loss: 0.1487
  ST affinity Ep 20/25 | Loss: 0.1357
  ST affinity Ep 25/25 | Loss: 0.1263
[20:19:12] Job 29/45 | MOLM-ST ESM2 fold 5/5 affinity done in 25s
[20:19:12] Job 30/45 | MOLM-ST ESM2 fold 5/5 specificity start
[20:19:12] 🔄 RNG Reset: seed=646 (MOLM-ST specificity)
  ST specificity Ep  1/25 | Loss: 0.4962
  ST specificity Ep  5/25 | Loss: 0.2036
  ST specificity Ep 10/25 | Loss: 0.1320
  ST specificity Ep 15/25 | Loss: 0.1161
  ST specificity Ep 20/25 | Loss: 0.1083
  ST specificity Ep 25/25 | Loss: 0.1047
[20:19:29] Job 30/45 | MOLM-ST ESM2 fold 5/5 specificity done in 17s
  Fold 5: Aff 0.9025 MCC:0.795 AUC:0.9545 | Spec 0.9062 MCC:0.813 AUC:0.9657
  📊 MOLM-ST [ESM2]: Aff 0.8918±0.0068 MCC:0.779 AUC:0.9571
                           Spec 0.9023±0.0096 MCC:0.806 AUC:0.9631
[20:19:29] Feature 2/3 done: ESM2 in 6.6m
[20:19:29] Feature 3/3 start: Fusion-ESM2 (X=(4000, 2620), aff_pos=1516/4000, spec_pos=2000/4000)

🔄 MOLM CV [Fusion-ESM2] (5-fold)...
[20:19:29] Job 31/45 | MOLM Fusion-ESM2 fold 1/5 start (train=3200, val=800, dim=2620)
[20:19:29] 🔄 RNG Reset: seed=42 (MOLM CV Fusion-ESM2 fold 0)
[20:19:29] MOLM Fusion-ESM2 fold 1/5: training 25 epochs
  Ep  1/25 | Acc: 0.562/0.583 | Gap: +0.10/+0.14 | GradCos: +0.048
  Ep  5/25 | Acc: 0.868/0.875 | Gap: +1.44/+1.11 | GradCos: +0.054
  Ep 10/25 | Acc: 0.901/0.891 | Gap: +1.81/+1.42 | GradCos: +0.055
  Ep 15/25 | Acc: 0.902/0.917 | Gap: +1.99/+1.76 | GradCos: +0.005
  Ep 20/25 | Acc: 0.918/0.919 | Gap: +2.10/+1.86 | GradCos: +0.039
  Ep 25/25 | Acc: 0.926/0.923 | Gap: +2.17/+1.97 | GradCos: +0.064
[20:20:03] Saved diagnostics CSV: epoch_diag_fold_1_Fusion-ESM2.csv
[20:20:03] Saved diagnostics figure: paper_diag_fold_1_Fusion-ESM2.png
[20:20:03] MOLM Fusion-ESM2 fold 1/5: evaluating validation fold
    Aff: 0.9463 AUC:0.9751 MCC:0.885
    Spec: 0.9100 AUC:0.9755 MCC:0.821
[20:20:03] Job 31/45 | MOLM Fusion-ESM2 fold 1/5 done in 34s
[20:20:03] Job 32/45 | MOLM Fusion-ESM2 fold 2/5 start (train=3200, val=800, dim=2620)
[20:20:03] 🔄 RNG Reset: seed=43 (MOLM CV Fusion-ESM2 fold 1)
[20:20:03] MOLM Fusion-ESM2 fold 2/5: training 25 epochs
  Ep  1/25 | Acc: 0.524/0.592 | Gap: +0.06/+0.14 | GradCos: -0.021
  Ep  5/25 | Acc: 0.872/0.885 | Gap: +1.44/+1.24 | GradCos: +0.075
  Ep 10/25 | Acc: 0.904/0.897 | Gap: +1.79/+1.54 | GradCos: +0.092
  Ep 15/25 | Acc: 0.918/0.910 | Gap: +1.99/+1.80 | GradCos: -0.026
  Ep 20/25 | Acc: 0.922/0.921 | Gap: +2.10/+1.95 | GradCos: +0.078
  Ep 25/25 | Acc: 0.920/0.920 | Gap: +2.12/+1.99 | GradCos: -0.017
[20:20:37] Saved diagnostics CSV: epoch_diag_fold_2_Fusion-ESM2.csv
[20:20:38] Saved diagnostics figure: paper_diag_fold_2_Fusion-ESM2.png
[20:20:38] MOLM Fusion-ESM2 fold 2/5: evaluating validation fold
    Aff: 0.9313 AUC:0.9769 MCC:0.854
    Spec: 0.9175 AUC:0.9727 MCC:0.835
[20:20:38] Job 32/45 | MOLM Fusion-ESM2 fold 2/5 done in 34s
[20:20:38] Job 33/45 | MOLM Fusion-ESM2 fold 3/5 start (train=3200, val=800, dim=2620)
[20:20:38] 🔄 RNG Reset: seed=44 (MOLM CV Fusion-ESM2 fold 2)
[20:20:38] MOLM Fusion-ESM2 fold 3/5: training 25 epochs
  Ep  1/25 | Acc: 0.535/0.595 | Gap: +0.07/+0.18 | GradCos: +0.002
  Ep  5/25 | Acc: 0.854/0.866 | Gap: +1.20/+1.30 | GradCos: +0.136
  Ep 10/25 | Acc: 0.903/0.891 | Gap: +1.63/+1.67 | GradCos: +0.056
  Ep 15/25 | Acc: 0.907/0.914 | Gap: +1.85/+1.80 | GradCos: +0.057
  Ep 20/25 | Acc: 0.918/0.914 | Gap: +1.87/+1.97 | GradCos: +0.076
  Ep 25/25 | Acc: 0.926/0.925 | Gap: +2.03/+2.09 | GradCos: +0.090
[20:21:11] Saved diagnostics CSV: epoch_diag_fold_3_Fusion-ESM2.csv
[20:21:11] Saved diagnostics figure: paper_diag_fold_3_Fusion-ESM2.png
[20:21:11] MOLM Fusion-ESM2 fold 3/5: evaluating validation fold
    Aff: 0.9325 AUC:0.9789 MCC:0.860
    Spec: 0.9313 AUC:0.9789 MCC:0.863
[20:21:11] Job 33/45 | MOLM Fusion-ESM2 fold 3/5 done in 33s
[20:21:11] Job 34/45 | MOLM Fusion-ESM2 fold 4/5 start (train=3200, val=800, dim=2620)
[20:21:11] 🔄 RNG Reset: seed=45 (MOLM CV Fusion-ESM2 fold 3)
[20:21:12] MOLM Fusion-ESM2 fold 4/5: training 25 epochs
  Ep  1/25 | Acc: 0.589/0.594 | Gap: +0.13/+0.17 | GradCos: +0.042
  Ep  5/25 | Acc: 0.878/0.877 | Gap: +1.23/+1.33 | GradCos: +0.040
  Ep 10/25 | Acc: 0.897/0.902 | Gap: +1.59/+1.65 | GradCos: +0.058
  Ep 15/25 | Acc: 0.909/0.908 | Gap: +1.74/+1.76 | GradCos: +0.082
  Ep 20/25 | Acc: 0.923/0.921 | Gap: +1.98/+1.90 | GradCos: -0.007
  Ep 25/25 | Acc: 0.919/0.923 | Gap: +1.99/+2.01 | GradCos: +0.036
[20:21:44] Saved diagnostics CSV: epoch_diag_fold_4_Fusion-ESM2.csv
[20:21:45] Saved diagnostics figure: paper_diag_fold_4_Fusion-ESM2.png
[20:21:45] MOLM Fusion-ESM2 fold 4/5: evaluating validation fold
    Aff: 0.9325 AUC:0.9757 MCC:0.858
    Spec: 0.9387 AUC:0.9836 MCC:0.878
[20:21:45] Job 34/45 | MOLM Fusion-ESM2 fold 4/5 done in 34s
[20:21:45] Job 35/45 | MOLM Fusion-ESM2 fold 5/5 start (train=3200, val=800, dim=2620)
[20:21:45] 🔄 RNG Reset: seed=46 (MOLM CV Fusion-ESM2 fold 4)
[20:21:45] MOLM Fusion-ESM2 fold 5/5: training 25 epochs
  Ep  1/25 | Acc: 0.610/0.603 | Gap: +0.05/+0.22 | GradCos: -0.017
  Ep  5/25 | Acc: 0.858/0.872 | Gap: +1.25/+1.40 | GradCos: +0.043
  Ep 10/25 | Acc: 0.901/0.894 | Gap: +1.71/+1.73 | GradCos: +0.095
  Ep 15/25 | Acc: 0.911/0.907 | Gap: +1.86/+1.87 | GradCos: +0.018
  Ep 20/25 | Acc: 0.914/0.910 | Gap: +1.92/+2.03 | GradCos: +0.067
  Ep 25/25 | Acc: 0.924/0.919 | Gap: +1.97/+2.10 | GradCos: +0.012
[20:22:19] Saved diagnostics CSV: epoch_diag_fold_5_Fusion-ESM2.csv
[20:22:19] Saved diagnostics figure: paper_diag_fold_5_Fusion-ESM2.png
[20:22:19] MOLM Fusion-ESM2 fold 5/5: evaluating validation fold
    Aff: 0.9400 AUC:0.9755 MCC:0.872
    Spec: 0.9437 AUC:0.9834 MCC:0.888
[20:22:19] Job 35/45 | MOLM Fusion-ESM2 fold 5/5 done in 34s
  📊 Aff: 0.9365±0.0058 AUC:0.9764 MCC:0.866
  📊 Spec: 0.9282±0.0127 AUC:0.9788 MCC:0.857

🔄 MOLM-ST CV [Fusion-ESM2] (5-fold)...
[20:22:19] Job 36/45 | MOLM-ST Fusion-ESM2 fold 1/5 affinity start (train=3200, val=800, dim=2620)
[20:22:20] 🔄 RNG Reset: seed=542 (MOLM-ST affinity)
  ST affinity Ep  1/25 | Loss: 0.3142
  ST affinity Ep  5/25 | Loss: 0.1088
  ST affinity Ep 10/25 | Loss: 0.0920
  ST affinity Ep 15/25 | Loss: 0.0806
  ST affinity Ep 20/25 | Loss: 0.0848
  ST affinity Ep 25/25 | Loss: 0.0852
[20:22:37] Job 36/45 | MOLM-ST Fusion-ESM2 fold 1/5 affinity done in 18s
[20:22:37] Job 37/45 | MOLM-ST Fusion-ESM2 fold 1/5 specificity start
[20:22:37] 🔄 RNG Reset: seed=642 (MOLM-ST specificity)
  ST specificity Ep  1/25 | Loss: 0.3524
  ST specificity Ep  5/25 | Loss: 0.1077
  ST specificity Ep 10/25 | Loss: 0.0816
  ST specificity Ep 15/25 | Loss: 0.0791
  ST specificity Ep 20/25 | Loss: 0.0716
  ST specificity Ep 25/25 | Loss: 0.0694
[20:22:55] Job 37/45 | MOLM-ST Fusion-ESM2 fold 1/5 specificity done in 18s
  Fold 1: Aff 0.9225 MCC:0.840 AUC:0.9748 | Spec 0.9012 MCC:0.806 AUC:0.9735
[20:22:55] Job 38/45 | MOLM-ST Fusion-ESM2 fold 2/5 affinity start (train=3200, val=800, dim=2620)
[20:22:55] 🔄 RNG Reset: seed=543 (MOLM-ST affinity)
  ST affinity Ep  1/25 | Loss: 0.3210
  ST affinity Ep  5/25 | Loss: 0.1088
  ST affinity Ep 10/25 | Loss: 0.0988
  ST affinity Ep 15/25 | Loss: 0.0844
  ST affinity Ep 20/25 | Loss: 0.0838
  ST affinity Ep 25/25 | Loss: 0.0790
[20:23:13] Job 38/45 | MOLM-ST Fusion-ESM2 fold 2/5 affinity done in 18s
[20:23:13] Job 39/45 | MOLM-ST Fusion-ESM2 fold 2/5 specificity start
[20:23:13] 🔄 RNG Reset: seed=643 (MOLM-ST specificity)
  ST specificity Ep  1/25 | Loss: 0.3973
  ST specificity Ep  5/25 | Loss: 0.1044
  ST specificity Ep 10/25 | Loss: 0.0900
  ST specificity Ep 15/25 | Loss: 0.0788
  ST specificity Ep 20/25 | Loss: 0.0782
  ST specificity Ep 25/25 | Loss: 0.0722
[20:23:31] Job 39/45 | MOLM-ST Fusion-ESM2 fold 2/5 specificity done in 18s
  Fold 2: Aff 0.9350 MCC:0.862 AUC:0.9732 | Spec 0.9200 MCC:0.840 AUC:0.9784
[20:23:31] Job 40/45 | MOLM-ST Fusion-ESM2 fold 3/5 affinity start (train=3200, val=800, dim=2620)
[20:23:31] 🔄 RNG Reset: seed=544 (MOLM-ST affinity)
  ST affinity Ep  1/25 | Loss: 0.3633
  ST affinity Ep  5/25 | Loss: 0.1170
  ST affinity Ep 10/25 | Loss: 0.1004
  ST affinity Ep 15/25 | Loss: 0.0915
  ST affinity Ep 20/25 | Loss: 0.0840
  ST affinity Ep 25/25 | Loss: 0.0849
[20:23:49] Job 40/45 | MOLM-ST Fusion-ESM2 fold 3/5 affinity done in 18s
[20:23:49] Job 41/45 | MOLM-ST Fusion-ESM2 fold 3/5 specificity start
[20:23:49] 🔄 RNG Reset: seed=644 (MOLM-ST specificity)
  ST specificity Ep  1/25 | Loss: 0.4313
  ST specificity Ep  5/25 | Loss: 0.1118
  ST specificity Ep 10/25 | Loss: 0.0921
  ST specificity Ep 15/25 | Loss: 0.0792
  ST specificity Ep 20/25 | Loss: 0.0709
  ST specificity Ep 25/25 | Loss: 0.0708
[20:24:07] Job 41/45 | MOLM-ST Fusion-ESM2 fold 3/5 specificity done in 18s
  Fold 3: Aff 0.9413 MCC:0.875 AUC:0.9800 | Spec 0.9287 MCC:0.858 AUC:0.9785
[20:24:07] Job 42/45 | MOLM-ST Fusion-ESM2 fold 4/5 affinity start (train=3200, val=800, dim=2620)
[20:24:07] 🔄 RNG Reset: seed=545 (MOLM-ST affinity)
  ST affinity Ep  1/25 | Loss: 0.3325
  ST affinity Ep  5/25 | Loss: 0.1187
  ST affinity Ep 10/25 | Loss: 0.0954
  ST affinity Ep 15/25 | Loss: 0.0862
  ST affinity Ep 20/25 | Loss: 0.0829
  ST affinity Ep 25/25 | Loss: 0.0751
[20:24:25] Job 42/45 | MOLM-ST Fusion-ESM2 fold 4/5 affinity done in 18s
[20:24:25] Job 43/45 | MOLM-ST Fusion-ESM2 fold 4/5 specificity start
[20:24:25] 🔄 RNG Reset: seed=645 (MOLM-ST specificity)
  ST specificity Ep  1/25 | Loss: 0.3640
  ST specificity Ep  5/25 | Loss: 0.1036
  ST specificity Ep 10/25 | Loss: 0.0945
  ST specificity Ep 15/25 | Loss: 0.0831
  ST specificity Ep 20/25 | Loss: 0.0790
  ST specificity Ep 25/25 | Loss: 0.0737
[20:24:43] Job 43/45 | MOLM-ST Fusion-ESM2 fold 4/5 specificity done in 18s
  Fold 4: Aff 0.9250 MCC:0.849 AUC:0.9761 | Spec 0.9350 MCC:0.870 AUC:0.9800
[20:24:43] Job 44/45 | MOLM-ST Fusion-ESM2 fold 5/5 affinity start (train=3200, val=800, dim=2620)
[20:24:43] 🔄 RNG Reset: seed=546 (MOLM-ST affinity)
  ST affinity Ep  1/25 | Loss: 0.3383
  ST affinity Ep  5/25 | Loss: 0.1151
  ST affinity Ep 10/25 | Loss: 0.0987
  ST affinity Ep 15/25 | Loss: 0.0866
  ST affinity Ep 20/25 | Loss: 0.0848
  ST affinity Ep 25/25 | Loss: 0.0783
[20:25:04] Job 44/45 | MOLM-ST Fusion-ESM2 fold 5/5 affinity done in 21s
[20:25:04] Job 45/45 | MOLM-ST Fusion-ESM2 fold 5/5 specificity start
[20:25:04] 🔄 RNG Reset: seed=646 (MOLM-ST specificity)
  ST specificity Ep  1/25 | Loss: 0.3823
  ST specificity Ep  5/25 | Loss: 0.1143
  ST specificity Ep 10/25 | Loss: 0.0968
  ST specificity Ep 15/25 | Loss: 0.0837
  ST specificity Ep 20/25 | Loss: 0.0778
  ST specificity Ep 25/25 | Loss: 0.0760
[20:25:25] Job 45/45 | MOLM-ST Fusion-ESM2 fold 5/5 specificity done in 21s
  Fold 5: Aff 0.9387 MCC:0.871 AUC:0.9800 | Spec 0.9413 MCC:0.883 AUC:0.9837
  📊 MOLM-ST [Fusion-ESM2]: Aff 0.9325±0.0075 MCC:0.859 AUC:0.9768
                           Spec 0.9252±0.0139 MCC:0.851 AUC:0.9788
[20:25:25] Feature 3/3 done: Fusion-ESM2 in 5.9m
[20:25:25] Saving Phase 3 aggregate results
  ✓ Saved: C:\Users\dd7726\MOLM\outputs\seeds\seed_42\phase3\molm_cv.pkl

=================================================================
CV GRID — MOLM + MOLM-ST
=================================================================
  MOLM (OneHot      ): Aff 0.9342±0.0095, Spec 0.9263±0.0105
  MOLM-ST (OneHot      ): Aff 0.9365±0.0049, Spec 0.9340±0.0101
  MOLM (ESM2        ): Aff 0.8855±0.0063, Spec 0.9047±0.0033
  MOLM-ST (ESM2        ): Aff 0.8918±0.0068, Spec 0.9023±0.0096
  MOLM (Fusion-ESM2 ): Aff 0.9365±0.0058, Spec 0.9282±0.0127
  MOLM-ST (Fusion-ESM2 ): Aff 0.9325±0.0075, Spec 0.9252±0.0139

✓ Phase 3 complete in 1187s (19.8 min)
