# SEED 123 | PHASE 2: phase2_baselines.py
# started: 2026-04-27T21:32:31.804731

✓ Phase 0 loaded: Config, models, utilities ready
  OUTPUT_DIR: C:\Users\dd7726\MOLM\outputs\seeds\seed_123
  FEATURE_TYPES: ['onehot', 'esm2', 'fusion_esm2']
  GPU: 1 available
============================================================
PHASE 2: LDA + NN Baselines
============================================================
  ✓ Loaded: C:\Users\dd7726\MOLM\outputs\phase1\features.pkl

  LDA on OneHot (5-fold CV)...
    Aff: 0.9215±0.0140 MCC:0.838 AUC:0.9732
    Spec: 0.9228±0.0122 MCC:0.846 AUC:0.9749

  LDA on ESM2 (5-fold CV)...
    Aff: 0.9310±0.0144 MCC:0.854 AUC:0.9751
    Spec: 0.9270±0.0086 MCC:0.854 AUC:0.9752

  LDA on Fusion-ESM2 (5-fold CV)...
    Aff: 0.9272±0.0140 MCC:0.847 AUC:0.9729
    Spec: 0.9293±0.0048 MCC:0.859 AUC:0.9753

  NN on OneHot (2300D)...
[21:38:15] 🔄 RNG Reset: seed=123 (NN fold 0)
[21:38:29] 🔄 RNG Reset: seed=124 (NN fold 1)
[21:38:42] 🔄 RNG Reset: seed=125 (NN fold 2)
[21:38:56] 🔄 RNG Reset: seed=126 (NN fold 3)
[21:39:09] 🔄 RNG Reset: seed=127 (NN fold 4)
[21:39:23] 🔄 RNG Reset: seed=1122 (NN final)
[21:39:47] 🔄 RNG Reset: seed=123 (NN fold 0)
[21:40:01] 🔄 RNG Reset: seed=124 (NN fold 1)
[21:40:15] 🔄 RNG Reset: seed=125 (NN fold 2)
[21:40:28] 🔄 RNG Reset: seed=126 (NN fold 3)
[21:40:42] 🔄 RNG Reset: seed=127 (NN fold 4)
[21:40:55] 🔄 RNG Reset: seed=1122 (NN final)
    Aff: 0.9355±0.0130 MCC:0.865 AUC:0.9762
    Spec: 0.9290±0.0118 MCC:0.858 AUC:0.9773

  NN on ESM2 (320D)...
[21:41:19] 🔄 RNG Reset: seed=123 (NN fold 0)
[21:41:30] 🔄 RNG Reset: seed=124 (NN fold 1)
[21:41:40] 🔄 RNG Reset: seed=125 (NN fold 2)
[21:41:51] 🔄 RNG Reset: seed=126 (NN fold 3)
[21:42:02] 🔄 RNG Reset: seed=127 (NN fold 4)
[21:42:13] 🔄 RNG Reset: seed=1122 (NN final)
[21:42:26] 🔄 RNG Reset: seed=123 (NN fold 0)
[21:42:36] 🔄 RNG Reset: seed=124 (NN fold 1)
[21:42:47] 🔄 RNG Reset: seed=125 (NN fold 2)
[21:42:57] 🔄 RNG Reset: seed=126 (NN fold 3)
[21:43:08] 🔄 RNG Reset: seed=127 (NN fold 4)
[21:43:18] 🔄 RNG Reset: seed=1122 (NN final)
    Aff: 0.8960±0.0060 MCC:0.782 AUC:0.9546
    Spec: 0.9030±0.0066 MCC:0.807 AUC:0.9602

  NN on Fusion-ESM2 (2620D)...
[21:43:32] 🔄 RNG Reset: seed=123 (NN fold 0)
[21:43:46] 🔄 RNG Reset: seed=124 (NN fold 1)
[21:44:00] 🔄 RNG Reset: seed=125 (NN fold 2)
[21:44:14] 🔄 RNG Reset: seed=126 (NN fold 3)
[21:44:29] 🔄 RNG Reset: seed=127 (NN fold 4)
[21:44:43] 🔄 RNG Reset: seed=1122 (NN final)
[21:45:08] 🔄 RNG Reset: seed=123 (NN fold 0)
[21:45:22] 🔄 RNG Reset: seed=124 (NN fold 1)
[21:45:36] 🔄 RNG Reset: seed=125 (NN fold 2)
[21:45:50] 🔄 RNG Reset: seed=126 (NN fold 3)
[21:46:04] 🔄 RNG Reset: seed=127 (NN fold 4)
[21:46:18] 🔄 RNG Reset: seed=1122 (NN final)
    Aff: 0.9367±0.0138 MCC:0.866 AUC:0.9776
    Spec: 0.9287±0.0109 MCC:0.858 AUC:0.9771
  ✓ Saved: C:\Users\dd7726\MOLM\outputs\seeds\seed_123\phase2\baselines.pkl

=================================================================
Model                     Features               Aff       Spec
-----------------------------------------------------------------
LDA (OneHot)                              0.9215±0.0140 0.9228±0.0122
LDA (ESM2)                                0.9310±0.0144 0.9270±0.0086
LDA (Fusion-ESM2)                         0.9272±0.0140 0.9293±0.0048
NN                        OneHot          0.9355±0.0130 0.9290±0.0118
NN                        ESM2            0.8960±0.0060 0.9030±0.0066
NN                        Fusion-ESM2     0.9367±0.0138 0.9287±0.0109

✓ Phase 2 complete in 846s
